{
    follow: false
    host: hexlet.io
    timeout: 50
    verbose: true
}